queries:
  test.order_status:
    materialize: false
    statement:
      from:
        schema: test
        table: order_status
      type: select
      where:
        columns:
        - order_id
        operator: in
        type: operator
        values:
          columns:
          - id
          from:
            sampled: true
            schema: test
            table: orders
          type: select
  test.orders:
    materialize: true
    statement:
      from:
        schema: test
        table: orders
      type: select
      where:
        columns:
        - user_id
        operator: in
        type: operator
        values:
          columns:
          - id
          from:
            sampled: true
            schema: test
            table: users
          type: select
  test.users:
    materialize: true
    statement:
      from:
        schema: test
        table: users
      limit: 10
      type: select
